// Jest Snapshot v1, https://goo.gl/fbAQLP

exports[`u-absolute-layout.vue Demo-基本用法 1`] = `
<div>
  <u-absolute-layout>
    <a class="root" hovertype="underline" tabindex="0" target="_self" vusion-slot-name-edit="text">
      Button</a>
  </u-absolute-layout>
</div>
`;

exports[`u-absolute-layout.vue Demo-自由布局 1`] = `
<div>
  <u-absolute-layout></u-absolute-layout>
</div>
`;
