// Jest Snapshot v1, https://goo.gl/fbAQLP

exports[`e-watermark.vue Demo-基本用法 1`] = `
<div>
  <div
    class="root"
  >
    <canvas
      height="1536"
      style="opacity: 0.1; width: 1024px; height: 768px;"
      width="2048"
    />
     
    <canvas
      class="mark"
      height="240"
      width="415.6921938165305"
    />
  </div>
</div>
`;

exports[`e-watermark.vue Demo-基本用法 2`] = `
<div>
  <div
    class="root"
  >
    <canvas
      height="1536"
      style="opacity: 0.1; width: 1024px; height: 768px;"
      width="2048"
    />
     
    <canvas
      class="mark"
      height="240"
      width="415.6921938165305"
    />
  </div>
</div>
`;
